/org/gnome/desktop/interface/|desktop-interface.ini
/org/gnome/desktop/input-sources/|desktop-input-sources.ini
/org/gnome/desktop/wm/keybindings/|desktop-wm-keybindings.ini
/org/gnome/desktop/wm/preferences/|desktop-wm-preferences.ini
/org/gnome/desktop/background/|desktop-background.ini
/org/gnome/desktop/screensaver/|desktop-screensaver.ini
/org/gnome/desktop/privacy/|desktop-privacy.ini
/org/gnome/desktop/search-providers/|desktop-search-providers.ini
/org/gnome/desktop/session/|desktop-session.ini
/org/gnome/desktop/sound/|desktop-sound.ini
/org/gnome/desktop/peripherals/touchpad/|desktop-touchpad.ini
/org/gnome/mutter/|mutter.ini
/org/gnome/settings-daemon/plugins/media-keys/|settings-media-keys.ini
/org/gnome/settings-daemon/plugins/power/|settings-power.ini
/org/gnome/settings-daemon/plugins/color/|settings-color.ini
/org/gnome/Ptyxis/|ptyxis.ini
/org/gnome/shell/extensions/blur-my-shell/|extension-blur-my-shell.ini
/org/gnome/shell/extensions/dash2dock-lite/|extension-dash2dock-lite.ini
/org/gnome/shell/extensions/ncom/github/hermes83/compiz-alike-magic-lamp-effect/|extension-magic-lamp.ini
/org/gnome/shell/extensions/search-light/|extension-search-light.ini

